// Jest Snapshot v1, https://goo.gl/fbAQLP

exports[`should render ExpenseList with empty message 1`] = `
<div>
  <p>
    No expenses
  </p>
</div>
`;

exports[`should render ExpenseList with expenses 1`] = `
<div>
  <ExpenseListItem
    amount={2000}
    createdAt={0}
    description="Food"
    id="1"
    key="1"
    note=""
  />
  <ExpenseListItem
    amount={102000}
    createdAt={-432000000}
    description="April Rent"
    id="2"
    key="2"
    note=""
  />
  <ExpenseListItem
    amount={3000}
    createdAt={432000000}
    description="Gas Bill"
    id="3"
    key="3"
    note=""
  />
</div>
`;
